[info] Loading project definition from /home/ubuntu/SLAB/tests/MLAlgorithms (Distributed Sparse LA)/src/systemml/project
[info] Set current project to SystemMLAlgs (in build file:/home/ubuntu/SLAB/tests/MLAlgorithms%20(Distributed%20Sparse%20LA)/src/systemml/)
[info] Including from cache: scala-library-2.10.4.jar
[info] Including from cache: SystemML.jar
[info] Checking every *.class/*.jar file's SHA-1.
[info] Merging files...
[warn] Merging 'META-INF/DEPENDENCIES' with strategy 'discard'
[warn] Merging 'META-INF/MANIFEST.MF' with strategy 'discard'
[warn] Merging 'META-INF/maven/org.antlr/antlr4-runtime/pom.properties' with strategy 'discard'
[warn] Merging 'META-INF/maven/org.antlr/antlr4-runtime/pom.xml' with strategy 'discard'
[warn] Merging 'META-INF/maven/org.apache.systemml/systemml/pom.properties' with strategy 'discard'
[warn] Merging 'META-INF/maven/org.apache.systemml/systemml/pom.xml' with strategy 'discard'
[warn] Strategy 'discard' was applied to 6 files
[info] Assembly up to date: /home/ubuntu/SLAB/tests/MLAlgorithms (Distributed Sparse LA)/src/systemml/target/scala-2.10/SystemMLAlgs-assembly-0.1.jar
[success] Total time: 3 s, completed May 25, 2018 1:53:40 AM
[info] Loading project definition from /home/ubuntu/SLAB/tests/MLAlgorithms (Distributed Sparse LA)/src/mllib/project
[info] Set current project to MLLibAlgs (in build file:/home/ubuntu/SLAB/tests/MLAlgorithms%20(Distributed%20Sparse%20LA)/src/mllib/)
[info] Including from cache: scala-library-2.10.4.jar
[info] Checking every *.class/*.jar file's SHA-1.
[info] Merging files...
[warn] Merging 'META-INF/MANIFEST.MF' with strategy 'discard'
[warn] Strategy 'discard' was applied to a file
[info] Assembly up to date: /home/ubuntu/SLAB/tests/MLAlgorithms (Distributed Sparse LA)/src/mllib/target/scala-2.10/MLLibAlgs-assembly-0.1.jar
[success] Total time: 2 s, completed May 25, 2018 1:53:48 AM
-rw-r--r--   1 ubuntu supergroup         77 2018-05-17 05:10 /scratch/pass.csv
READING PARQUET
174308954
NUM PARTITIONS
1024
1916554
Test => 0
--------> LOGIT <---------
Test => 0
