[info] Loading project definition from /home/ubuntu/SLAB/tests/MLAlgorithms (Distributed Dense LA)/src/systemml/project
[info] Set current project to SystemMLAlgs (in build file:/home/ubuntu/SLAB/tests/MLAlgorithms%20(Distributed%20Dense%20LA)/src/systemml/)
[info] Including from cache: SystemML.jar
[info] Including from cache: scala-library-2.10.4.jar
[info] Checking every *.class/*.jar file's SHA-1.
[info] Merging files...
[warn] Merging 'META-INF/DEPENDENCIES' with strategy 'discard'
[warn] Merging 'META-INF/MANIFEST.MF' with strategy 'discard'
[warn] Merging 'META-INF/maven/org.antlr/antlr4-runtime/pom.properties' with strategy 'discard'
[warn] Merging 'META-INF/maven/org.antlr/antlr4-runtime/pom.xml' with strategy 'discard'
[warn] Merging 'META-INF/maven/org.apache.systemml/systemml/pom.properties' with strategy 'discard'
[warn] Merging 'META-INF/maven/org.apache.systemml/systemml/pom.xml' with strategy 'discard'
[warn] Strategy 'discard' was applied to 6 files
[info] Assembly up to date: /home/ubuntu/SLAB/tests/MLAlgorithms (Distributed Dense LA)/src/systemml/target/scala-2.10/SystemMLAlgs-assembly-0.1.jar
[success] Total time: 2 s, completed Jun 7, 2018 5:21:54 AM
[info] Loading project definition from /home/ubuntu/SLAB/tests/MLAlgorithms (Distributed Dense LA)/src/mllib/project
[info] Set current project to MLLibAlgs (in build file:/home/ubuntu/SLAB/tests/MLAlgorithms%20(Distributed%20Dense%20LA)/src/mllib/)
[info] Including from cache: scala-library-2.10.4.jar
[info] Checking every *.class/*.jar file's SHA-1.
[info] Merging files...
[warn] Merging 'META-INF/MANIFEST.MF' with strategy 'discard'
[warn] Strategy 'discard' was applied to a file
[info] Assembly up to date: /home/ubuntu/SLAB/tests/MLAlgorithms (Distributed Dense LA)/src/mllib/target/scala-2.10/MLLibAlgs-assembly-0.1.jar
[success] Total time: 2 s, completed Jun 7, 2018 5:22:02 AM
-rw-r--r--   1 ubuntu supergroup         78 2018-06-07 05:00 /scratch/pass.csv

Welcome to Apache SystemML!

Running DML: 

 setwd('/home/ubuntu/SLAB/lib/dml')
 source('utils.dml') as utils

 p = sum( X )
 q = sum( y )
 print(p)
 print(q)

 

 times = matrix(0.0, rows = 5, cols = 1)
 for (ix in 1:5) {
   if ((p > 0) & (q > 0)) {
       start = utils::time(1)
   }
   tmp = pca(X, 5)
   res = utils::printRandElements(tmp, 10)
   if ((p > 0) & (q > 0)) {
       stop = utils::time(1)
   }
   times[ix,1] = (stop - start) / 1000
 }
 times = t(times)

 logit = function(matrix[double] X, 
                  matrix[double] y, 
                  Integer iterations)
     return (matrix[double] w) {

     N = nrow(X)
     w = matrix(0, rows=ncol(X), cols=1)
     iteration = 0
     stepSize = 10

     while (iteration < iterations) {
         xb = X %*% w
         delta = 1/(1+exp(-xb)) - y
         stepSize = stepSize / 2
         w = w - ((stepSize * t(X) %*% delta)/N)

         iteration = iteration+1
     }
 }

 gnmf = function(matrix[double] X, Integer r, Integer iterations)
     return (integer iteration) {
     W = rand(rows = nrow(X), cols = r, pdf = 'uniform')
     H = rand(rows = r, cols = ncol(X), pdf = 'uniform')

     for (i in 1:3) {
         W = W * ((X %*% t(H)) / (W %*% (H %*% t(H))))
         H = H * ((t(W) %*% X) / ((t(W) %*% W) %*% H))
     }
     if ((as.scalar(W[1,1]) >  0) & (as.scalar(H[1,1]) > 0)) {
         print(as.scalar(H[1,1]))
         print(as.scalar(W[1,1]))
     }

     iteration = 0
 }

 reg = function(matrix[double] X, matrix[double] y)
     return (matrix[double] b) {
     b = solve(t(X) %*% X, t(X) %*% y)
 }

 robust_se = function(matrix[double] X, 
                      matrix[double] r2) 
     return (matrix[double] se) {
     # NOTE: SVD is cheap since XTX is small!
     [U,H,V] = svd( t(X) %*% X )
     h = diag( H )
     XTX_INV = U %*% diag(h^-1) %*% t(V)
     S = diag( r2 )
     se = XTX_INV %*% (t(X) %*% S %*% X) %*% XTX_INV
 }
            
 pca = function(matrix[double] X, Integer k) 
   return (matrix[double] PRJ) {
     N = nrow( X )
     K = ncol( X )
     XS = X - colMeans( X )
     S = (1/(N-1))*(t( XS ) %*% XS)
     [eigvals, eigvects] = eigen( S )
     
     # Thanks to the Sysml implementation for this helpful bit 
     # of code to sort the eigenvectors

     eigssorted = order(target=eigvals,by=1, 
                        decreasing=TRUE,
                        index.return=TRUE)
     diagmat = table(seq(1,K), eigssorted)
     eigvals = diagmat %*% eigvals
     eigvects = eigvects %*% diagmat
     eigvects = eigvects[,1:k]

     PRJ = XS %*% eigvects
 }
        
# EXPLAIN (RUNTIME):
# Memory Budget local/remote = 20389MB/161440MB/193728MB/4238MB
# Degree of Parallelism (vcores) local/remote = 24/48
PROGRAM ( size CP/SP = 98/8 )
--FUNCTIONS
----FUNCTION CALL GRAPH
------MAIN PROGRAM
--------.defaultNS::pca
--------/home/ubuntu/SLAB/lib/dml/utils.dml::printRandElements
--------/home/ubuntu/SLAB/lib/dml/utils.dml::time
----FUNCTION .defaultNS::pca [recompile=false]
------GENERIC (lines 83-87) [recompile=true]
--------CP - 199563535.SCALAR.INT.true 1.SCALAR.INT.true _Var0.SCALAR.INT
--------CP / 1.SCALAR.INT.true _Var0.SCALAR.INT.false _Var1.SCALAR.DOUBLE
--------CP rmvar _Var0
--------CP createvar _mVar2 scratch_space//_p3466_10.11.10.10//_t0/temp2 true MATRIX binaryblock 1 10 1000 1000 -1 copy
--------CP uacmean X.MATRIX.DOUBLE _mVar2.MATRIX.DOUBLE 24
--------CP createvar _mVar3 scratch_space//_p3466_10.11.10.10//_t0/temp3 true MATRIX binaryblock 199563535 10 1000 1000 -1 copy
--------SPARK map- X.MATRIX.DOUBLE _mVar2.MATRIX.DOUBLE _mVar3.MATRIX.DOUBLE RIGHT ROW_VECTOR
--------CP rmvar _mVar2
--------CP createvar _mVar4 scratch_space//_p3466_10.11.10.10//_t0/temp4 true MATRIX binaryblock 10 10 1000 1000 -1 copy
--------SPARK tsmm _mVar3.MATRIX.DOUBLE _mVar4.MATRIX.DOUBLE LEFT
--------CP createvar _mVar5 scratch_space//_p3466_10.11.10.10//_t0/temp5 true MATRIX binaryblock 10 10 1000 1000 -1 copy
--------CP * _Var1.SCALAR.DOUBLE.false _mVar4.MATRIX.DOUBLE _mVar5.MATRIX.DOUBLE
--------CP rmvar _Var1 _mVar4
--------CP createvar eigvals scratch_space//_p3466_10.11.10.10//_t0/eigvals true MATRIX binaryblock -1 1 1000 1000 -1 copy
--------CP createvar eigvects scratch_space//_p3466_10.11.10.10//_t0/eigvects true MATRIX binaryblock -1 -1 1000 1000 -1 copy
--------CP eigen _mVar5.MATRIX.DOUBLE eigvals eigvects
--------CP rmvar _mVar5
--------CP assignvar 10.SCALAR.INT.true K.SCALAR.INT
--------CP cpvar _mVar3 XS
--------CP rmvar _mVar3 X
------GENERIC (lines 92-100) [recompile=true]
--------CP createvar _mVar6 scratch_space//_p3466_10.11.10.10//_t0/temp6 true MATRIX binaryblock 10 1 1000 1000 -1 copy
--------CP seq 10 1 1000 1000 1.SCALAR.INT.true 10.SCALAR.INT.true 1.SCALAR.INT.true _mVar6.MATRIX.DOUBLE
--------CP createvar _mVar7 scratch_space//_p3466_10.11.10.10//_t0/temp7 true MATRIX binaryblock -1 1 1000 1000 -1 copy
--------SPARK rsort eigvals.MATRIX.DOUBLE 1.SCALAR.INT.true true.SCALAR.BOOLEAN.true true.SCALAR.BOOLEAN.true _mVar7.MATRIX.DOUBLE false
--------CP createvar _mVar8 scratch_space//_p3466_10.11.10.10//_t0/temp8 true MATRIX binarycell 10 -1 -1 -1 -1 copy
--------SPARK ctableexpand _mVar6.MATRIX.DOUBLE _mVar7.MATRIX.DOUBLE 1.0.SCALAR.DOUBLE.true -1.true -1.true _mVar8.MATRIX.DOUBLE false
--------CP rmvar _mVar6 _mVar7
--------CP createvar _mVar9 scratch_space//_p3466_10.11.10.10//_t0/temp9 true MATRIX binaryblock 10 -1 1000 1000 -1 copy
--------SPARK rblk _mVar8.MATRIX.DOUBLE _mVar9.MATRIX.DOUBLE 1000 1000 true
--------CP rmvar _mVar8
--------CP cpvar _mVar9 _sbcvar0
--------CP rmvar _mVar9
------GENERIC (lines 92-100) [recompile=true]
--------CP createvar _mVar10 scratch_space//_p3466_10.11.10.10//_t0/temp10 true MATRIX binaryblock -1 -1 1000 1000 -1 copy
--------SPARK cpmm eigvects.MATRIX.DOUBLE _sbcvar0.MATRIX.DOUBLE _mVar10.MATRIX.DOUBLE MULTI_BLOCK
--------CP nrow _mVar10.MATRIX.DOUBLE.false _Var11.SCALAR.INT
--------CP createvar _mVar12 scratch_space//_p3466_10.11.10.10//_t0/temp11 true MATRIX binaryblock -1 5 1000 1000 -1 copy
--------SPARK rightIndex _mVar10.MATRIX.DOUBLE 1.SCALAR.INT.true _Var11.SCALAR.INT.false 1.SCALAR.INT.true 5.SCALAR.INT.true _mVar12.MATRIX.DOUBLE MULTI_BLOCK
--------CP rmvar _mVar10 _Var11
--------CP createvar _mVar13 scratch_space//_p3466_10.11.10.10//_t0/temp12 true MATRIX binaryblock 199563535 5 1000 1000 -1 copy
--------SPARK cpmm XS.MATRIX.DOUBLE _mVar12.MATRIX.DOUBLE _mVar13.MATRIX.DOUBLE MULTI_BLOCK
--------CP rmvar _mVar12
--------CP cpvar _mVar13 PRJ
--------CP rmvar _mVar13 eigvals K k XS eigvects _sbcvar0
----FUNCTION /home/ubuntu/SLAB/lib/dml/utils.dml::printRandElements [recompile=false]
------GENERIC (lines 0-0) [recompile=false]
------FOR (lines 0-0)
--------CP assignvar 1.SCALAR.INT.true __pred.SCALAR.INT
--------CP assignvar 10.SCALAR.INT.true __pred.SCALAR.INT
--------GENERIC (lines 24-30) [recompile=false]
----------CP createvar _mVar14 scratch_space//_p3466_10.11.10.10//_t0/temp13 true MATRIX binaryblock 1 1 1000 1000 1 copy
----------CP rand 1.SCALAR.INT.true 1.SCALAR.INT.true 1000 1000 1 199563535 1.0 -1 uniform 1.0 24 _mVar14.MATRIX.DOUBLE
----------CP castdts _mVar14.MATRIX.DOUBLE.false _Var15.SCALAR.DOUBLE
----------CP rmvar _mVar14
----------CP castvti _Var15.SCALAR.DOUBLE.false _Var16.SCALAR.INT
----------CP rmvar _Var15
----------CP createvar _mVar17 scratch_space//_p3466_10.11.10.10//_t0/temp14 true MATRIX binaryblock 1 1 1000 1000 1 copy
----------CP rand 1.SCALAR.INT.true 1.SCALAR.INT.true 1000 1000 1 5 1.0 -1 uniform 1.0 24 _mVar17.MATRIX.DOUBLE
----------CP castdts _mVar17.MATRIX.DOUBLE.false _Var18.SCALAR.DOUBLE
----------CP rmvar _mVar17
----------CP castvti _Var18.SCALAR.DOUBLE.false _Var19.SCALAR.INT
----------CP rmvar _Var18
----------CP createvar _mVar20 scratch_space//_p3466_10.11.10.10//_t0/temp15 true MATRIX binaryblock 1 1 1000 1000 -1 copy
----------CP rightIndex M.MATRIX.DOUBLE _Var16.SCALAR.INT.false _Var16.SCALAR.INT.false _Var19.SCALAR.INT.false _Var19.SCALAR.INT.false _mVar20.MATRIX.DOUBLE
----------CP rmvar _Var16 _Var19
----------CP castdts _mVar20.MATRIX.DOUBLE.false _Var21.SCALAR.STRING
----------CP rmvar _mVar20
----------CP print _Var21.SCALAR.STRING.false _Var22.SCALAR.STRING
----------CP rmvar _Var21 _Var22
----EXTERNAL FUNCTION /home/ubuntu/SLAB/lib/dml/utils.dml::time
--MAIN PROGRAM
----GENERIC (lines 1-14) [recompile=false]
------CP uak+ X.MATRIX.DOUBLE _Var23.SCALAR.DOUBLE 24
------CP uak+ y.MATRIX.DOUBLE _Var24.SCALAR.DOUBLE 24
------CP createvar _mVar25 scratch_space//_p3466_10.11.10.10//_t0/temp16 true MATRIX binaryblock 5 1 1000 1000 0 copy
------CP rand 5.SCALAR.INT.true 1.SCALAR.INT.true 1000 1000 0.0 0.0 1.0 -1 uniform 1.0 24 _mVar25.MATRIX.DOUBLE
------CP print _Var23.SCALAR.DOUBLE.false _Var26.SCALAR.STRING
------CP print _Var24.SCALAR.DOUBLE.false _Var27.SCALAR.STRING
------CP assignvar _Var23.SCALAR.DOUBLE.false p.SCALAR.DOUBLE
------CP assignvar _Var24.SCALAR.DOUBLE.false q.SCALAR.DOUBLE
------CP rmvar _Var23 _Var24 _Var26 _Var27
------CP cpvar _mVar25 times
------CP rmvar _mVar25
----GENERIC (lines 0-0) [recompile=false]
----FOR (lines 0-0) [in-place=[times]]
------CP assignvar 1.SCALAR.INT.true __pred.SCALAR.INT
------CP assignvar 5.SCALAR.INT.true __pred.SCALAR.INT
------CP assignvar 1.SCALAR.INT.true __pred.SCALAR.INT
------IF (lines 16-18)
--------CP > p.SCALAR.DOUBLE.false 0.SCALAR.INT.true _Var28.SCALAR.BOOLEAN
--------CP > q.SCALAR.DOUBLE.false 0.SCALAR.INT.true _Var29.SCALAR.BOOLEAN
--------CP && _Var28.SCALAR.BOOLEAN.false _Var29.SCALAR.BOOLEAN.false _Var30.SCALAR.BOOLEAN
--------CP rmvar _Var28 _Var29
--------CP mvvar _Var30 __pred
--------GENERIC (lines 17-17) [recompile=false]
----------CP extfunct /home/ubuntu/SLAB/lib/dml/utils.dml time 1 1 1.SCALAR.INT.true start
------GENERIC (lines 19-19) [recompile=false]
--------CP extfunct .defaultNS pca 2 1 X.MATRIX.DOUBLE 5.SCALAR.INT.true tmp
------GENERIC (lines 20-20) [recompile=false]
--------CP extfunct /home/ubuntu/SLAB/lib/dml/utils.dml printRandElements 2 1 tmp.MATRIX.DOUBLE 10.SCALAR.INT.true res
--------CP rmvar tmp
------IF (lines 21-23)
--------CP > p.SCALAR.DOUBLE.false 0.SCALAR.INT.true _Var31.SCALAR.BOOLEAN
--------CP > q.SCALAR.DOUBLE.false 0.SCALAR.INT.true _Var32.SCALAR.BOOLEAN
--------CP && _Var31.SCALAR.BOOLEAN.false _Var32.SCALAR.BOOLEAN.false _Var33.SCALAR.BOOLEAN
--------CP rmvar _Var31 _Var32
--------CP mvvar _Var33 __pred
--------GENERIC (lines 22-22) [recompile=false]
----------CP extfunct /home/ubuntu/SLAB/lib/dml/utils.dml time 1 1 1.SCALAR.INT.true stop
------GENERIC (lines 24-24) [recompile=false]
--------CP - stop.SCALAR.DOUBLE.false start.SCALAR.DOUBLE.false _Var34.SCALAR.DOUBLE
--------CP / _Var34.SCALAR.DOUBLE.false 1000.SCALAR.INT.true _Var35.SCALAR.DOUBLE
--------CP rmvar _Var34
--------CP createvar _mVar36 scratch_space//_p3466_10.11.10.10//_t0/temp17 true MATRIX binaryblock 5 1 1000 1000 -1 copy
--------CP leftIndex times.MATRIX.DOUBLE _Var35.SCALAR.DOUBLE.false ix.SCALAR.INT.false ix.SCALAR.INT.false 1.SCALAR.INT.true 1.SCALAR.INT.true _mVar36.MATRIX.DOUBLE
--------CP rmvar _Var35 times
--------CP cpvar _mVar36 times
--------CP rmvar _mVar36
----GENERIC (lines 26-103) [recompile=false]
------CP createvar _mVar37 scratch_space//_p3466_10.11.10.10//_t0/temp18 true MATRIX binaryblock 1 5 1000 1000 -1 copy
------CP r' times.MATRIX.DOUBLE _mVar37.MATRIX.DOUBLE 24
------CP rmvar times
------CP cpvar _mVar37 times
------CP rmvar _mVar37 times

5.925908667853054E8
6373290.0
0.21120148040127187
-0.25188361173190654
0.3161536755698282
-0.595794689832709
-0.5321716038930259
-1.1337557770285513
0.16453996163618792
-0.6978000644100666
0.36443427012777224
-0.6073444974773627
0.5354091607801358
0.2891715776932326
0.7922830736670938
-2.316948435968019
0.07557495591006003
0.22854230649661675
-0.17113224127258486
0.646046057244884
0.2576488288363793
-0.503506921234969
0.32680264142980997
3.947031248594057
0.3776601834942478
0.32682535594763723
0.4365102403881634
0.4332837841430507
0.03690144601377976
0.2961179597421913
0.3722176084478621
0.5971446662635973
0.3913247522165052
0.29494422990933256
-0.4926512308293367
0.07031294701988411
0.36143153456732857
0.30081667120205835
0.3051161323086682
0.3105293614610691
0.6461848300590822
0.28551850566132136
0.046643781415115604
-0.1812365248036022
0.2682352047713643
0.11805895128026515
-0.00804730458633339
0.7205691363587438
0.15565978482328563
-0.19490767657239022
-0.7837927848680285
0.4736136102991746
SystemML Statistics:
Total execution time:		491.086 sec.
Number of executed Spark inst:	15.

Writing 0 of 1.0 chunks
WARNING: File exists. No data copied
Running: spark-submit --class SystemMLMLAlgorithms 


 --driver-memory 32G 

  
./systemml/target/scala-2.10/SystemMLAlgs-assembly-0.1.jar mattype=adclick Xpath=/scratch/pass.csv Ypath=/scratch/pass.csv passPath=/scratch/pass.csv dataPath=/scratch/adclick_clean_1_dense.parquet nodes=2 opType=pca
Running: spark-submit --class SystemMLMLAlgorithms  --driver-memory 32G   ./systemml/target/scala-2.10/SystemMLAlgs-assembly-0.1.jar mattype=adclick Xpath=/scratch/pass.csv Ypath=/scratch/pass.csv passPath=/scratch/pass.csv dataPath=/scratch/adclick_clean_1_dense.parquet nodes=2 opType=pca
Cleared: ../temp
Cleared: ../external

Start log file:  ../output/make.log
Running: sbt -Dsbt.log.noformat=true assembly 
Running: sbt -Dsbt.log.noformat=true assembly 
Running: python _run_criteo_tests.py _1 2 "SYSTEMML" "pca"

End log file:  ../output/make.log
