# Copyright 2018 Anthony H Thomas and Arun Kumar
# Licensed under the Apache License, Version 2.0 (the "License");
# you may not use this file except in compliance with the License.
# You may obtain a copy of the License at
#     http://www.apache.org/licenses/LICENSE-2.0
# Unless required by applicable law or agreed to in writing, software
# distributed under the License is distributed on an "AS IS" BASIS,
# WITHOUT WARRANTIES OR CONDITIONS OF ANY KIND, either express or implied.
# See the License for the specific language governing permissions and
# limitations under the License.

with open(__file__) as fh: print fh.read()
import os
import sys
import time
import atexit
import scidbpy
import subprocess

import numpy as np
import pandas as pd

ROOT = os.getenv('BENCHMARK_PROJECT_ROOT')
if (ROOT is None):
    msg = 'Please set environment variable BENCHMARK_PROJECT_ROOT'
    raise StandardError(msg)

sys.path.append(os.path.join(ROOT,'lib','python'))
import np_timing_utils as utils

def main(kwargs):
    mattype = kwargs['mattype']
    op_type = kwargs['opType']
    nrow = int(kwargs['nrow'])
    ncol = int(kwargs['ncol'])
    nproc = int(kwargs['nproc'])

    path = '../output/scidb_{}.txt'.format(op_type)
    colnames = ['nproc','time1','time2','time3','time4','time5']
    run_times = pd.DataFrame(np.zeros((1,len(colnames))))
    run_times.columns = colnames

    atexit.register(terminate_scidb)
    P, stdout, stderr = init_scidb(nproc, debug=True)
    cxn = scidbpy.connect()
    cxn.iquery("load_library('dense_linear_algebra')")
    print cxn.iquery("list('instances')", fetch=True)

    env = {
        'cxn': cxn, 
        'reg': reg,
        'logit': logit,
        'gnmf': gnmf,
        'robust_se': robust_se
    }

    alloc_matrix(nrow, ncol, 'X{}{}'.format(nrow, ncol), cxn, overwrite=False)
    alloc_matrix(nrow, 0, 'y{}{}'.format(nrow, ncol), cxn,
        overwrite=False, binary=True)
    if op_type == 'reg':
        call = "reg('X{0}{1}', 'y{0}{1}', cxn)".format(nrow, ncol)
    elif op_type == 'logit':
        alloc_matrix(nrow, 0, 'y{}{}b'.format(nrow, ncol), 
            cxn, overwrite=False, binary=True)
        call = "logit('X{0}{1}', 'y{0}{1}b', cxn)".format(nrow, ncol)
    elif op_type == 'gnmf':
        call = "gnmf('X{0}{1}', 10, cxn)".format(nrow, ncol)
    elif op_type == 'robust':
        alloc_matrix(nrow, 0, 'r2{}{}'.format(nrow, ncol), 
            cxn, overwrite=False, val_name='residuals')
        call = "robust_se('X{0}{1}', 'r2{0}{1}', cxn)".format(nrow, ncol)

    run_times.loc[:,'nproc'] = nproc
    run_times.loc[:,1:] = utils.timeOp(call, env)
    write_header = not os.path.exists(path)
    run_times.to_csv(path, index=False, header=write_header, mode='a')

    P.terminate()
    stdout.close()
    stderr.close()

def init_scidb(nproc, debug=False):
    # just in case there happens to be another container running
    call = 'docker container stop scidb-container'
    os.system(call)
    os.system('docker system prune -f')

    call = ('docker run --tty --name scidb-container -v /dev/shm '
            '--tmpfs /dev/shm:rw,nosuid,nodev,exec,size=90g '
            '-p 8080:8080 athomas9t/scidb:v2')

    print call
    if not debug:
        stdout = open(os.devnull, 'w')
        stderr = open(os.devnull, 'w')
    else:
        stdout = open('scidb.out', 'w')
        stderr = open('scidb.err', 'w')
    P = subprocess.Popen(call, shell=True, stdout=stdout, stderr=stderr)
    time.sleep(10)
    call = "docker exec -it scidb-container sh -c \"sed -i 's/server-0=127.0.0.1,23/server-0=127.0.0.1,{}/g' /opt/scidb/18.1/etc/config.ini\"".format(nproc-1)
    print call
    os.system(call)
    os.system('./docker-start.sh')
    return P, stdout, stderr
    
def terminate_scidb():
    call = 'docker container stop scidb-container'
    os.system(call)

def reg(X_table_name, y_table_name, cxn):
    # We need to explicitly form the inverse using SVD since SciDB does not
    # provide an inversion operator nor does it provide an operator to solve
    # a linear system
    
    temp_tables = ['XTX','XTX_INV']
    for t in temp_tables:
        safe_drop(t, cxn)
    
    N,K = get_shape(X_table_name, cxn)
    zname = 'Z{0}{0}'.format(K)
    zeros(K, K, zname, cxn)

    # materialize the inner produce matrix
    s = time.time()
    print 'store(gemm({X}, {X}, {Z}, transa:true), XTX)'.format(X=X_table_name, Z=zname)
    cxn.iquery('store(gemm({X}, {X}, {Z}, transa:true), XTX)'.format(
        X=X_table_name, Z=zname))
    print 'COMPUTE XTX: {}s'.format(time.time() - s)
    
    # compute the inverse of XTX
    s = time.time()
    stmt = """
        store(gemm(project(apply(cross_join(transpose(gesvd(XTX, 'VT')) as V, 
            project(apply(
                    gesvd(XTX, 'S'), sigma_inv, POW(sigma,-1)), sigma_inv) 
                AS SINV, V.i, SINV.i), vsinv, v*sigma_inv), vsinv), 
            transpose(gesvd(XTX, 'U')), {Z}), XTX_INV)        
    """.format(Z=zname)
    print stmt
    cxn.iquery(stmt)
    print 'COMPUTE INVERSE: {}s'.format(time.time() - s)

    # now do the thing
    zname = 'Z{}1'.format(K)
    zeros(K, 0, zname, cxn)
    s = time.time()
    stmt = """
        consume(gemm(XTX_INV, gemm({X}, {y}, {Z}, transa:true), {Z}))
    """.format(X=X_table_name, y=y_table_name, Z=zname)
    print stmt
    print 'COMPUTE PROJECTION: {}s'.format(time.time() - s)
    cxn.iquery(stmt)

def logit(X_table_name, y_table_name, cxn, iterations=3):
    N,K = get_shape(X_table_name, cxn)
    alloc_matrix(K, 0, 'w', cxn, overwrite=True)
    alloc_matrix(K, 0, 'ZK', cxn, method=0, overwrite=True)
    alloc_matrix(N, 0, 'ZN', cxn, method=0, overwrite=True)

    logit_iter = """
        store(
            project(
            apply(join(w, project(
            apply(
            gemm(transpose({X}),
            project(apply(
                join(gemm({X}, w, ZN), {y}), delta, val - pow(1+EXP(-gemm),-1)), 
            delta), ZK), norm, 0.001*gemm/{N}), norm)
        ), update, val+norm), update), w_new)
    """.format(X=X_table_name, y=y_table_name, N=N)

    iteration = 0
    while iteration < iterations:
        print 'Iteration: {}'.format(iteration)
        cxn.iquery(logit_iter)
        cxn.iquery('remove(w)')
        cxn.iquery('store(project(apply(w_new, val, update), val), w)')
        iteration += 1

def robust_se(X_table_name, r2_table_name, cxn):
    temp_tables = ['XTX','XTX_INV']
    for t in temp_tables:
        safe_drop(t, cxn)
    
    N,K = get_shape(X_table_name, cxn)
    zkkname = 'Z{0}{0}'.format(K)
    zeros(K, K, zkkname, cxn)

    znkname = 'Z{}{}'.format(K,N)
    zeros(N, K, znkname, cxn)

    # materialize the inner produce matrix
    cxn.iquery('store(gemm({X}, {X}, {Z}, transa:true), XTX)'.format(
        X=X_table_name, Z=zkkname))
    
    # compute the inverse of XTX
    stmt = """
        store(gemm(project(apply(cross_join(transpose(gesvd(XTX, 'VT')) as V, 
            project(apply(
                    gesvd(XTX, 'S'), sigma_inv, POW(sigma,-1)), sigma_inv) 
                AS SINV, V.i, SINV.i), vsinv, v*sigma_inv), vsinv), 
            transpose(gesvd(XTX, 'U')), {Z}), XTX_INV)        
    """.format(Z=zkkname)
    print stmt
    cxn.iquery(stmt)

    # now compute the sandwich se = (XTX)^{1} x XT x diag(r2) x X x (XTX^{-1})
    stmt = """
        gemm(XTX_INV, gemm(reshape(project(apply(
                cross_join(transpose({X}) as X, {r2} as r2, X.col, r2.row),
         XR2, residuals*val), XR2), <XR2:double>[row=0:{K};col=0:{N}])
            , gemm({X}, XTX_INV, {ZNK}), {ZKK}), {ZKK})
    """.format(X=X_table_name, r2=r2_table_name,
               ZKK=zkkname, ZNK=znkname, N=N, K=K)
    print stmt
    cxn.iquery(stmt)

def gnmf(X_table_name, r, cxn, iterations=3):
    N,K = get_shape(X_table_name, cxn)
    
    alloc_matrix(N, r, 'W_old', cxn, overwrite=True)
    alloc_matrix(r, K, 'H_old', cxn, overwrite=True)

    # no actual data is allocated for zeros creation
    zeros(N, r, 'ZXHT', cxn, overwrite=True)
    zeros(r, r, 'ZHHT', cxn, overwrite=True)
    zeros(N, r, 'ZWHHT', cxn, overwrite=True)
    zeros(r, K, 'ZWTX', cxn, overwrite=True)
    zeros(r, r, 'ZWTW', cxn, overwrite=True)
    zerosscidb-container
Deleted Containers:
7d5a827feca824c7423ca395845eca62cd2dfc1f45fb125e68a0693cc309cbce

Total reclaimed space: 26.36MB
/usr/lib/python2.7/dist-packages/Crypto/Cipher/blockalgo.py:141: FutureWarning: CTR mode needs counter parameter, not IV
  self._cipher = factory.new(key, *args, **kwargs)
scidb.py: INFO: Found 0 scidb processes
scidb.py: INFO: Cleaning up old logs and storage files.
scidb.py: INFO: Removing data directory /opt/scidb/18.1/DB-scidb/0/0 on (server 0 (127.0.0.1) local instance 0)
scidb.py: INFO: init (server 0 (127.0.0.1) local instance 0)
scidb.py: INFO: Initializing local scidb instance/storage.

scidb.py: INFO: Cleaning up old logs and storage files.
scidb.py: INFO: Removing data directory /opt/scidb/18.1/DB-scidb/0/1 on (server 0 (127.0.0.1) local instance 1)
scidb.py: INFO: init (server 0 (127.0.0.1) local instance 1)
scidb.py: INFO: Initializing local scidb instance/storage.

WARNING: This will delete all data and reinitialize storage [n]|y: /usr/lib/python2.7/dist-packages/Crypto/Cipher/blockalgo.py:141: FutureWarning: CTR mode needs counter parameter, not IV
  self._cipher = factory.new(key, *args, **kwargs)
scidb.py: INFO: Found 0 scidb processes
scidb.py: INFO: start((server 0 (127.0.0.1) local instance 0))
scidb.py: INFO: Starting SciDB server.
scidb.py: INFO: start((server 0 (127.0.0.1) local instance 1))
scidb.py: INFO: Starting SciDB server.
